INFO:     Will watch for changes in these directories: ['/home/tibor/PythonProjects/Jules/global_weather_analyzer']
INFO:     Uvicorn running on http://127.0.0.1:8001 (Press CTRL+C to quit)
INFO:     Started reloader process [369117] using WatchFiles
2025-11-24 17:39:17,948 - src.data.weather_client - INFO - Weather provider inicializálva: 🌍 Open-Meteo API
2025-11-24 17:39:17,948 - src.data.weather_client - INFO - 🔥 OpenMeteoProvider - 55 ÉVES RATE LIMIT OPTIMALIZÁLÁS aktiválva
2025-11-24 17:39:17,948 - src.data.weather_client - INFO - 📅 Max days/request: 90 (rate limit optimalizált)
2025-11-24 17:39:17,948 - src.data.weather_client - INFO - ⏱️ Batch delay: 0.6s (100 batch/min limit)
2025-11-24 17:39:17,948 - src.data.weather_client - INFO - 📊 55 év ≈ 223 batch × 0.6s ≈ 2.2 perc lekérdezés
2025-11-24 17:39:17,948 - src.data.weather_client - INFO - Weather provider inicializálva: 💎 Meteostat API
2025-11-24 17:39:17,948 - src.data.weather_client - INFO - 💎 MeteostatProvider - MAX 10 év/request
2025-11-24 17:39:17,948 - src.data.weather_client - INFO - 🔥 MULTI-YEAR WeatherClient v4.7 inicializálva (API PARAMÉTER FIX)
2025-11-24 17:39:17,948 - src.analytics.multi_city_engine - INFO - ✅ WeatherClient dual-API integráció sikeres
2025-11-24 17:39:17,948 - src.analytics.multi_city_engine - INFO - 🚀 Multi-city engine inicializálva (ABSOLUTE DATABASE PATH FIX v2.8.2)
2025-11-24 17:39:17,950 - src.infrastructure.repositories.city_repository - INFO - CityRepository database paths validated.
2025-11-24 17:39:17,950 - src.data.weather_client - INFO - Weather provider inicializálva: 🌍 Open-Meteo API
2025-11-24 17:39:17,950 - src.data.weather_client - INFO - 🔥 OpenMeteoProvider - 55 ÉVES RATE LIMIT OPTIMALIZÁLÁS aktiválva
2025-11-24 17:39:17,950 - src.data.weather_client - INFO - 📅 Max days/request: 90 (rate limit optimalizált)
2025-11-24 17:39:17,950 - src.data.weather_client - INFO - ⏱️ Batch delay: 0.6s (100 batch/min limit)
2025-11-24 17:39:17,950 - src.data.weather_client - INFO - 📊 55 év ≈ 223 batch × 0.6s ≈ 2.2 perc lekérdezés
2025-11-24 17:39:17,950 - src.data.weather_client - INFO - Weather provider inicializálva: 💎 Meteostat API
2025-11-24 17:39:17,950 - src.data.weather_client - INFO - 💎 MeteostatProvider - MAX 10 év/request
2025-11-24 17:39:17,950 - src.data.weather_client - INFO - 🔥 MULTI-YEAR WeatherClient v4.7 inicializálva (API PARAMÉTER FIX)
2025-11-24 17:39:17,950 - src.analytics.multi_city_engine - INFO - ✅ WeatherClient dual-API integráció sikeres
2025-11-24 17:39:17,950 - src.analytics.multi_city_engine - INFO - 🚀 Multi-city engine inicializálva (ABSOLUTE DATABASE PATH FIX v2.8.2)
2025-11-24 17:39:17,951 - src.infrastructure.repositories.city_repository - INFO - CityRepository database paths validated.
2025-11-24 17:39:17,951 - src.data.weather_client - INFO - Weather provider inicializálva: 🌍 Open-Meteo API
2025-11-24 17:39:17,951 - src.data.weather_client - INFO - 🔥 OpenMeteoProvider - 55 ÉVES RATE LIMIT OPTIMALIZÁLÁS aktiválva
2025-11-24 17:39:17,951 - src.data.weather_client - INFO - 📅 Max days/request: 90 (rate limit optimalizált)
2025-11-24 17:39:17,951 - src.data.weather_client - INFO - ⏱️ Batch delay: 0.6s (100 batch/min limit)
2025-11-24 17:39:17,951 - src.data.weather_client - INFO - 📊 55 év ≈ 223 batch × 0.6s ≈ 2.2 perc lekérdezés
2025-11-24 17:39:17,951 - src.data.weather_client - INFO - Weather provider inicializálva: 💎 Meteostat API
2025-11-24 17:39:17,951 - src.data.weather_client - INFO - 💎 MeteostatProvider - MAX 10 év/request
2025-11-24 17:39:17,951 - src.data.weather_client - INFO - 🔥 MULTI-YEAR WeatherClient v4.7 inicializálva (API PARAMÉTER FIX)
2025-11-24 17:39:17,951 - src.analytics.multi_city_engine - INFO - ✅ WeatherClient dual-API integráció sikeres
2025-11-24 17:39:17,951 - src.analytics.multi_city_engine - INFO - 🚀 Multi-city engine inicializálva (ABSOLUTE DATABASE PATH FIX v2.8.2)
2025-11-24 17:39:17,954 - src.infrastructure.repositories.city_repository - INFO - CityRepository database paths validated.
2025-11-24 17:39:17,954 - src.data.weather_client - INFO - Weather provider inicializálva: 🌍 Open-Meteo API
2025-11-24 17:39:17,954 - src.data.weather_client - INFO - 🔥 OpenMeteoProvider - 55 ÉVES RATE LIMIT OPTIMALIZÁLÁS aktiválva
2025-11-24 17:39:17,954 - src.data.weather_client - INFO - 📅 Max days/request: 90 (rate limit optimalizált)
2025-11-24 17:39:17,954 - src.data.weather_client - INFO - ⏱️ Batch delay: 0.6s (100 batch/min limit)
2025-11-24 17:39:17,954 - src.data.weather_client - INFO - 📊 55 év ≈ 223 batch × 0.6s ≈ 2.2 perc lekérdezés
2025-11-24 17:39:17,954 - src.data.weather_client - INFO - Weather provider inicializálva: 💎 Meteostat API
2025-11-24 17:39:17,954 - src.data.weather_client - INFO - 💎 MeteostatProvider - MAX 10 év/request
2025-11-24 17:39:17,954 - src.data.weather_client - INFO - 🔥 MULTI-YEAR WeatherClient v4.7 inicializálva (API PARAMÉTER FIX)
2025-11-24 17:39:17,954 - src.analytics.multi_city_engine - INFO - ✅ WeatherClient dual-API integráció sikeres
2025-11-24 17:39:17,954 - src.analytics.multi_city_engine - INFO - 🚀 Multi-city engine inicializálva (ABSOLUTE DATABASE PATH FIX v2.8.2)
INFO:     Started server process [369128]
INFO:     Waiting for application startup.
INFO:     Application startup complete.
INFO:     127.0.0.1:53172 - "GET /health HTTP/1.1" 200 OK
2025-11-24 17:43:20,630 - src.domain.analytics.services.region_resolver - INFO - Case-insensitive region mapping: 'Global' → 'Global'
2025-11-24 17:43:20,643 - src.domain.analytics.services.weather_fetch_service - INFO - Dual-API batch processing: 1 batch, 8 város/batch
2025-11-24 17:43:20,644 - src.data.weather_client - INFO - 🔥 MULTI-YEAR WEATHER REQUEST v4.7:
2025-11-24 17:43:20,644 - src.data.weather_client - INFO -   📍 Koordináták: 47.4925, 19.0514
2025-11-24 17:43:20,644 - src.data.weather_client - INFO -   📅 Időszak: 2025-11-01 → 2025-11-24
2025-11-24 17:43:20,644 - src.data.weather_client - INFO -   🎛️ Provider override: None
2025-11-24 17:43:20,645 - src.data.weather_client - INFO - 🤖 AUTO SELECTED: open-meteo
2025-11-24 17:43:20,645 - src.data.weather_client - INFO - 🎯 SELECTED PROVIDER: open-meteo
2025-11-24 17:43:20,645 - src.data.weather_client - INFO - 🔄 FALLBACK CHAIN: ['open-meteo']
2025-11-24 17:43:20,645 - src.data.weather_client - INFO - 🔍 TRYING PROVIDER: open-meteo (🌍 Open-Meteo API)
2025-11-24 17:43:20,645 - src.data.weather_client - INFO - ✅ PROVIDER VALIDATED: open-meteo
2025-11-24 17:43:20,645 - src.data.weather_client - INFO - 🔄 STARTING RETRY SEQUENCE for open-meteo
2025-11-24 17:43:20,645 - src.data.weather_client - INFO - 🔄 ATTEMPT 1/3
2025-11-24 17:43:20,645 - src.data.weather_client - INFO - 📊 Lekérdezési időszak: 23 nap (2025-11-01 → 2025-11-24)
2025-11-24 17:43:20,645 - src.data.weather_client - INFO - 📅 SINGLE REQUEST: 23 nap <= 90 nap limit
2025-11-24 17:43:21,229 - src.data.weather_client - INFO - 🌪️ Szélirány adatok feldolgozva: 18/24 érvényes értékek
2025-11-24 17:43:21,229 - src.data.weather_client - INFO - 🌪️ Széllökés adatok feldolgozva: 18/24 érvényes értékek
2025-11-24 17:43:21,229 - src.data.weather_client - INFO - 🌪️ Széllökés tartomány: 16.2 → 61.6 km/h
2025-11-24 17:43:21,229 - src.data.weather_client - INFO - 💨 Szélsebesség adatok feldolgozva: 18/24 érvényes értékek
2025-11-24 17:43:21,229 - src.data.weather_client - INFO - 💨 Szélsebesség tartomány: 6.5 → 30.1 km/h
2025-11-24 17:43:21,230 - src.data.weather_client - INFO - ✅ ATTEMPT SUCCESS: 24 records
2025-11-24 17:43:21,230 - src.data.weather_client - INFO - 📊 PROVIDER RESPONSE ANALYSIS:
2025-11-24 17:43:21,230 - src.data.weather_client - INFO -   📅 Records returned: 24
2025-11-24 17:43:21,230 - src.data.weather_client - INFO -   📅 Date range: 2025-11-01 → 2025-11-24
2025-11-24 17:43:21,230 - src.data.weather_client - INFO -   🌍 Data sources: {'open-meteo'}
2025-11-24 17:43:21,230 - src.data.weather_client - INFO -   💨 Wind speed range: 6.5 → 30.1 km/h
2025-11-24 17:43:21,230 - src.data.weather_client - INFO -   📊 Valid wind speed records: 18/24 (75.0%)
2025-11-24 17:43:21,230 - src.data.weather_client - INFO -   🌪️ Wind gusts range: 16.2 → 61.6 km/h
2025-11-24 17:43:21,230 - src.data.weather_client - INFO -   📊 Valid wind gusts records: 18/24 (75.0%)
2025-11-24 17:43:21,230 - src.data.weather_client - INFO -   🧭 Wind direction range: 53° → 320°
2025-11-24 17:43:21,230 - src.data.weather_client - INFO -   📊 Valid wind direction records: 18/24 (75.0%)
2025-11-24 17:43:21,230 - src.data.weather_client - INFO -   🌡️ Temperature range: 7.6°C → 19.6°C
2025-11-24 17:43:21,230 - src.data.weather_client - INFO -   📊 Valid temp records: 18/24 (75.0%)
2025-11-24 17:43:21,230 - src.gui.utils - INFO - PROVIDER USAGE: 🌍 Open-Meteo API for weather_data - SUCCESS
2025-11-24 17:43:21,231 - src.data.weather_client - INFO - 🎉 SUCCESS: 24 nap (🌍 Open-Meteo API)
2025-11-24 17:43:21,231 - src.domain.analytics.services.weather_fetch_service - INFO - Batch 1/1: 24/1 siker, idő: 0.6s
2025-11-24 17:43:21,232 - src.domain.analytics.services.weather_fetch_service - INFO - Dual-API batch processing befejezve: 24 város
2025-11-24 17:43:21,232 - src.domain.analytics.services.analytics_transform_service - INFO - WEATHER RESULT PROCESSING: 24 total records (aggregate=False)
2025-11-24 17:43:21,232 - src.domain.analytics.services.analytics_transform_service - INFO - NO AGGREGATION: Returning all 24 daily records
2025-11-24 17:43:21,232 - src.domain.analytics.services.analytics_transform_service - WARNING - FILTERED OUT: date=2025-11-19 city=Budapest fetch_success=True temperature_2m_max=None
2025-11-24 17:43:21,232 - src.domain.analytics.services.analytics_transform_service - WARNING - FILTERED OUT: date=2025-11-20 city=Budapest fetch_success=True temperature_2m_max=None
2025-11-24 17:43:21,232 - src.domain.analytics.services.analytics_transform_service - WARNING - FILTERED OUT: date=2025-11-21 city=Budapest fetch_success=True temperature_2m_max=None
2025-11-24 17:43:21,232 - src.domain.analytics.services.analytics_transform_service - WARNING - FILTERED OUT: date=2025-11-22 city=Budapest fetch_success=True temperature_2m_max=None
2025-11-24 17:43:21,232 - src.domain.analytics.services.analytics_transform_service - WARNING - FILTERED OUT: date=2025-11-23 city=Budapest fetch_success=True temperature_2m_max=None
2025-11-24 17:43:21,232 - src.domain.analytics.services.analytics_transform_service - WARNING - FILTERED OUT: date=2025-11-24 city=Budapest fetch_success=True temperature_2m_max=None
2025-11-24 17:43:21,232 - src.domain.analytics.services.analytics_transform_service - INFO - TRANSFORM DEBUG: Budapest - temperature_2m_max=19.6 (type: <class 'float'>)
2025-11-24 17:43:21,232 - src.domain.analytics.services.analytics_transform_service - INFO - RAW DATA: temp_max=19.6, temp_min=8.8, precip=0.0, windspeed=16.0
2025-11-24 17:43:21,232 - src.domain.analytics.services.analytics_transform_service - INFO - TRANSFORM DEBUG: Budapest - temperature_2m_max=19.0 (type: <class 'float'>)
2025-11-24 17:43:21,232 - src.domain.analytics.services.analytics_transform_service - INFO - RAW DATA: temp_max=19.0, temp_min=8.1, precip=0.0, windspeed=14.6
2025-11-24 17:43:21,233 - src.domain.analytics.services.analytics_transform_service - INFO - TRANSFORM DEBUG: Budapest - temperature_2m_max=16.1 (type: <class 'float'>)
2025-11-24 17:43:21,233 - src.domain.analytics.services.analytics_transform_service - INFO - RAW DATA: temp_max=16.1, temp_min=5.3, precip=6.5, windspeed=27.0
2025-11-24 17:43:21,233 - src.domain.analytics.services.analytics_transform_service - INFO - TRANSFORM DEBUG: Budapest - temperature_2m_max=13.6 (type: <class 'float'>)
2025-11-24 17:43:21,233 - src.domain.analytics.services.analytics_transform_service - INFO - RAW DATA: temp_max=13.6, temp_min=8.7, precip=2.2, windspeed=30.1
2025-11-24 17:43:21,233 - src.domain.analytics.services.analytics_transform_service - INFO - TRANSFORM DEBUG: Budapest - temperature_2m_max=13.4 (type: <class 'float'>)
2025-11-24 17:43:21,233 - src.domain.analytics.services.analytics_transform_service - INFO - RAW DATA: temp_max=13.4, temp_min=3.4, precip=0.0, windspeed=9.1
2025-11-24 17:43:21,233 - src.domain.analytics.services.analytics_transform_service - INFO - TRANSFORM DEBUG: Budapest - temperature_2m_max=13.3 (type: <class 'float'>)
2025-11-24 17:43:21,233 - src.domain.analytics.services.analytics_transform_service - INFO - RAW DATA: temp_max=13.3, temp_min=8.7, precip=0.3, windspeed=10.6
2025-11-24 17:43:21,233 - src.domain.analytics.services.analytics_transform_service - INFO - TRANSFORM DEBUG: Budapest - temperature_2m_max=13.1 (type: <class 'float'>)
2025-11-24 17:43:21,233 - src.domain.analytics.services.analytics_transform_service - INFO - RAW DATA: temp_max=13.1, temp_min=4.9, precip=0.0, windspeed=15.0
2025-11-24 17:43:21,233 - src.domain.analytics.services.analytics_transform_service - INFO - TRANSFORM DEBUG: Budapest - temperature_2m_max=13.0 (type: <class 'float'>)
2025-11-24 17:43:21,233 - src.domain.analytics.services.analytics_transform_service - INFO - RAW DATA: temp_max=13.0, temp_min=2.2, precip=0.0, windspeed=10.4
2025-11-24 17:43:21,234 - src.domain.analytics.services.analytics_transform_service - INFO - TRANSFORM DEBUG: Budapest - temperature_2m_max=13.0 (type: <class 'float'>)
2025-11-24 17:43:21,234 - src.domain.analytics.services.analytics_transform_service - INFO - RAW DATA: temp_max=13.0, temp_min=1.7, precip=0.0, windspeed=8.5
2025-11-24 17:43:21,234 - src.domain.analytics.services.analytics_transform_service - INFO - TRANSFORM DEBUG: Budapest - temperature_2m_max=12.9 (type: <class 'float'>)
2025-11-24 17:43:21,234 - src.domain.analytics.services.analytics_transform_service - INFO - RAW DATA: temp_max=12.9, temp_min=7.4, precip=0.2, windspeed=8.7
2025-11-24 17:43:21,234 - src.domain.analytics.services.analytics_transform_service - INFO - TRANSFORM DEBUG: Budapest - temperature_2m_max=12.1 (type: <class 'float'>)
2025-11-24 17:43:21,234 - src.domain.analytics.services.analytics_transform_service - INFO - RAW DATA: temp_max=12.1, temp_min=4.4, precip=0.0, windspeed=8.5
2025-11-24 17:43:21,234 - src.domain.analytics.services.analytics_transform_service - INFO - TRANSFORM DEBUG: Budapest - temperature_2m_max=11.9 (type: <class 'float'>)
2025-11-24 17:43:21,234 - src.domain.analytics.services.analytics_transform_service - INFO - RAW DATA: temp_max=11.9, temp_min=2.0, precip=0.0, windspeed=7.6
2025-11-24 17:43:21,234 - src.domain.analytics.services.analytics_transform_service - INFO - TRANSFORM DEBUG: Budapest - temperature_2m_max=10.3 (type: <class 'float'>)
2025-11-24 17:43:21,234 - src.domain.analytics.services.analytics_transform_service - INFO - RAW DATA: temp_max=10.3, temp_min=6.4, precip=0.0, windspeed=12.3
2025-11-24 17:43:21,234 - src.domain.analytics.services.analytics_transform_service - INFO - TRANSFORM DEBUG: Budapest - temperature_2m_max=10.1 (type: <class 'float'>)
2025-11-24 17:43:21,234 - src.domain.analytics.services.analytics_transform_service - INFO - RAW DATA: temp_max=10.1, temp_min=4.2, precip=0.0, windspeed=8.6
2025-11-24 17:43:21,234 - src.domain.analytics.services.analytics_transform_service - INFO - TRANSFORM DEBUG: Budapest - temperature_2m_max=10.0 (type: <class 'float'>)
2025-11-24 17:43:21,234 - src.domain.analytics.services.analytics_transform_service - INFO - RAW DATA: temp_max=10.0, temp_min=5.2, precip=1.4, windspeed=6.5
2025-11-24 17:43:21,235 - src.domain.analytics.services.analytics_transform_service - INFO - TRANSFORM DEBUG: Budapest - temperature_2m_max=10.0 (type: <class 'float'>)
2025-11-24 17:43:21,235 - src.domain.analytics.services.analytics_transform_service - INFO - RAW DATA: temp_max=10.0, temp_min=4.2, precip=1.2, windspeed=9.4
2025-11-24 17:43:21,235 - src.domain.analytics.services.analytics_transform_service - INFO - TRANSFORM DEBUG: Budapest - temperature_2m_max=8.2 (type: <class 'float'>)
2025-11-24 17:43:21,235 - src.domain.analytics.services.analytics_transform_service - INFO - RAW DATA: temp_max=8.2, temp_min=5.2, precip=0.1, windspeed=9.8
2025-11-24 17:43:21,235 - src.domain.analytics.services.analytics_transform_service - INFO - TRANSFORM DEBUG: Budapest - temperature_2m_max=7.6 (type: <class 'float'>)
2025-11-24 17:43:21,235 - src.domain.analytics.services.analytics_transform_service - INFO - RAW DATA: temp_max=7.6, temp_min=-0.2, precip=1.0, windspeed=22.7
2025-11-24 17:43:21,235 - src.domain.analytics.services.analytics_transform_service - INFO - NONE-SAFE STATS: 18 results
2025-11-24 17:43:21,236 - src.domain.analytics.services.analytics_transform_service - INFO - STATS RESULT: {'mean': 12.622222222222222, 'median': 12.95, 'stdev': 3.209829673977689, 'min': 7.6, 'max': 19.6, 'range': 12.000000000000002}
INFO:     127.0.0.1:48548 - "POST /api/weather/single-city HTTP/1.0" 200 OK
